// Jest Snapshot v1, https://goo.gl/fbAQLP

exports[`Select.Combobox renders controlled correctly 1`] = `
<div
  class="rc-select-pro rc-select-pro-single rc-select-pro-show-search"
>
  <div
    class="rc-select-pro-selector"
  >
    <span
      class="rc-select-pro-selection-search"
    >
      <input
        aria-autocomplete="list"
        aria-controls="rc_select_TEST_OR_SSR_list"
        aria-expanded="false"
        aria-haspopup="listbox"
        aria-owns="rc_select_TEST_OR_SSR_list"
        autocomplete="off"
        class="rc-select-pro-selection-search-input"
        id="rc_select_TEST_OR_SSR"
        role="combobox"
        type="search"
        value=""
      />
    </span>
    <span
      class="rc-select-pro-selection-placeholder"
    >
      Search
    </span>
  </div>
</div>
`;

exports[`Select.Combobox renders correctly 1`] = `
<div
  class="rc-select-pro rc-select-pro-single rc-select-pro-show-search"
>
  <div
    class="rc-select-pro-selector"
  >
    <span
      class="rc-select-pro-selection-search"
    >
      <input
        aria-autocomplete="list"
        aria-controls="rc_select_TEST_OR_SSR_list"
        aria-expanded="false"
        aria-haspopup="listbox"
        aria-owns="rc_select_TEST_OR_SSR_list"
        autocomplete="off"
        class="rc-select-pro-selection-search-input"
        id="rc_select_TEST_OR_SSR"
        role="combobox"
        type="search"
        value=""
      />
    </span>
    <span
      class="rc-select-pro-selection-placeholder"
    >
      Search
    </span>
  </div>
</div>
`;
