// Jest Snapshot v1, https://goo.gl/fbAQLP

exports[`Select.SSR should work 1`] = `"<div class="rc-select-pro rc-select-pro-single"><div class="rc-select-pro-selector"><span class="rc-select-pro-selection-search"><input type="search" autoComplete="off" class="rc-select-pro-selection-search-input" role="combobox" aria-expanded="false" aria-haspopup="listbox" aria-owns="undefined_list" aria-autocomplete="list" aria-controls="undefined_list" readonly="" unselectable="on" style="opacity:0" value=""/></span><span class="rc-select-pro-selection-placeholder"></span></div></div>"`;
